// Jest Snapshot v1, https://goo.gl/fbAQLP

exports[`renders <CategoryBlock /> component correctly 1`] = `null`;
