// Jest Snapshot v1, https://goo.gl/fbAQLP

exports[`renders <EmptyList /> component correctly 1`] = `
<View>
  <Text
    accessible={true}
    allowFontScaling={true}
    ellipsizeMode="tail"
  >
    List is empty
    .
  </Text>
</View>
`;
